// Jest Snapshot v1, https://goo.gl/fbAQLP

exports[`Header snapshot should render correctly 1`] = `
<header
  className="header"
>
  <div
    className="content-container"
  >
    <div
      className="header__content"
    >
      <Link
        className="header__title"
        replace={false}
        to="/"
      >
        <h1>
          Food Hygiene Ratings
        </h1>
      </Link>
    </div>
  </div>
</header>
`;
